2025-09-21 12:39:39,030;Capella;7.0.1.202503211540;Open+Session;APEX.aird;;
2025-09-21 12:39:40,734;Capella;7.0.1.202503211540;Open+Session;APEX.aird;OK;
2025-09-21 12:42:11,771;Capella;7.0.1.202503211540;Create+Representation;Operational+Entity+Breakdown;;994989fd-f27c-491a-be0e-97be63868b03
2025-09-21 12:42:15,374;Capella;7.0.1.202503211540;Create+Representation;Operational+Entity+Breakdown;;994989fd-f27c-491a-be0e-97be63868b03
2025-09-21 12:42:15,679;Capella;7.0.1.202503211540;Create+Representation;Operational+Entity+Breakdown;OK;994989fd-f27c-491a-be0e-97be63868b03
2025-09-21 12:42:18,368;Capella;7.0.1.202503211540;Create+Representation;Operational+Entity+Breakdown;OK;994989fd-f27c-491a-be0e-97be63868b03
2025-09-21 13:15:38,870;Capella;7.0.1.202503211540;Open+Representation;;;
2025-09-21 13:15:39,033;Capella;7.0.1.202503211540;Open+Representation;;OK;
2025-09-21 13:18:03,896;Capella;7.0.1.202503211540;Create+Representation;Activity+Interaction+Scenario;;3e91f4ff-7879-4bb6-8c56-d2def8ec304d
2025-09-21 13:18:06,070;Capella;7.0.1.202503211540;Create+Representation;Activity+Interaction+Scenario;;ff01d458-7eec-4882-97a4-0ddbcb53e92e
2025-09-21 13:18:06,133;Capella;7.0.1.202503211540;Create+Representation;Activity+Interaction+Scenario;OK;ff01d458-7eec-4882-97a4-0ddbcb53e92e
2025-09-21 13:18:06,599;Capella;7.0.1.202503211540;Create+Representation;Activity+Interaction+Scenario;OK;3e91f4ff-7879-4bb6-8c56-d2def8ec304d
2025-09-21 13:33:46,651;Capella;7.0.1.202503211540;Create+Representation;Activity+Interaction+Scenario;;3e91f4ff-7879-4bb6-8c56-d2def8ec304d
2025-09-21 13:33:59,739;Capella;7.0.1.202503211540;Create+Representation;Activity+Interaction+Scenario;;7e5a8ffa-b5ab-4494-ad46-92f5fd7a458d
2025-09-21 13:33:59,747;Capella;7.0.1.202503211540;Create+Representation;Activity+Interaction+Scenario;OK;7e5a8ffa-b5ab-4494-ad46-92f5fd7a458d
2025-09-21 13:34:00,018;Capella;7.0.1.202503211540;Create+Representation;Activity+Interaction+Scenario;OK;3e91f4ff-7879-4bb6-8c56-d2def8ec304d
2025-09-21 15:22:50,714;Capella;7.0.1.202503211540;Create+Representation;Activity+Interaction+Scenario;;3e91f4ff-7879-4bb6-8c56-d2def8ec304d
2025-09-21 15:23:36,071;Capella;7.0.1.202503211540;Create+Representation;Activity+Interaction+Scenario;;b20e4ceb-0bb0-4c0c-8675-76ecadbc7894
2025-09-21 15:23:36,083;Capella;7.0.1.202503211540;Create+Representation;Activity+Interaction+Scenario;OK;b20e4ceb-0bb0-4c0c-8675-76ecadbc7894
2025-09-21 15:23:36,867;Capella;7.0.1.202503211540;Create+Representation;Activity+Interaction+Scenario;OK;3e91f4ff-7879-4bb6-8c56-d2def8ec304d
2025-09-21 15:36:15,168;Capella;7.0.1.202503211540;Create+Representation;Mode+State+Machine;;9a6bf388-5d81-4166-b3b7-59e3a4dc571f
2025-09-21 15:36:16,977;Capella;7.0.1.202503211540;Create+Representation;Mode+State+Machine;;9a6bf388-5d81-4166-b3b7-59e3a4dc571f
2025-09-21 15:36:17,008;Capella;7.0.1.202503211540;Create+Representation;Mode+State+Machine;OK;9a6bf388-5d81-4166-b3b7-59e3a4dc571f
2025-09-21 15:36:17,868;Capella;7.0.1.202503211540;Create+Representation;Mode+State+Machine;OK;9a6bf388-5d81-4166-b3b7-59e3a4dc571f
2025-09-21 15:37:05,856;Capella;7.0.1.202503211540;Create+Representation;System+Data+Flow+Blank;;cccd1fc1-5d72-4cda-84c3-6d14d7a5416c
2025-09-21 15:37:08,265;Capella;7.0.1.202503211540;Create+Representation;System+Data+Flow+Blank;;cccd1fc1-5d72-4cda-84c3-6d14d7a5416c
2025-09-21 15:37:08,312;Capella;7.0.1.202503211540;Create+Representation;System+Data+Flow+Blank;OK;cccd1fc1-5d72-4cda-84c3-6d14d7a5416c
2025-09-21 15:37:09,010;Capella;7.0.1.202503211540;Create+Representation;System+Data+Flow+Blank;OK;cccd1fc1-5d72-4cda-84c3-6d14d7a5416c
